[PASS] notebooks\00_hardware_benchmark\00_hardware_benchmark.ipynb
[PASS] notebooks\01_data_acquisition_profiling\01_data_acquisition_profiling.ipynb
[PASS] notebooks\bp1_customer_intent_classification\bp1_customer_intent_classification_executive_rollup_report.ipynb
[PASS] notebooks\bp1_customer_intent_classification\bp1_customer_intent_classification_g1_business_understanding.ipynb
[PASS] notebooks\bp1_customer_intent_classification\bp1_customer_intent_classification_g2_data_integration_taxonomy_mapping.ipynb
[PASS] notebooks\bp1_customer_intent_classification\bp1_customer_intent_classification_g3_model_benchmark.ipynb
[PASS] notebooks\bp1_customer_intent_classification\bp1_customer_intent_classification_g4_statistical_validation_explainability.ipynb
[PASS] notebooks\bp1_customer_intent_classification\bp1_customer_intent_classification_g5_decision_layer_reporting.ipynb
[PASS] notebooks\bp1_customer_intent_classification\bp1_customer_intent_classification_g6_productization_monitoring_governance.ipynb
[PASS] notebooks\bp1_customer_intent_classification\bp1_customer_intent_classification_model_persistence.ipynb
[PASS] notebooks\bp2_customer_friction_classification\bp2_customer_friction_classification_executive_rollup_report.ipynb
[PASS] notebooks\bp2_customer_friction_classification\bp2_customer_friction_classification_executive_rollup_report.PRE_FAILED_CANDIDATE_CHECK_FIX_BACKUP.ipynb
[PASS] notebooks\bp2_customer_friction_classification\bp2_customer_friction_classification_g1_business_understanding.ipynb
[PASS] notebooks\bp2_customer_friction_classification\bp2_customer_friction_classification_g2_data_verification_taxonomy.ipynb
[PASS] notebooks\bp2_customer_friction_classification\bp2_customer_friction_classification_g3_model_benchmark.ipynb
[PASS] notebooks\bp2_customer_friction_classification\bp2_customer_friction_classification_g3_model_benchmark.PRE_CATBOOST_FIX_BACKUP.ipynb
[PASS] notebooks\bp2_customer_friction_classification\bp2_customer_friction_classification_g3_model_benchmark.PRE_HARDENING_BACKUP.ipynb
[PASS] notebooks\bp2_customer_friction_classification\bp2_customer_friction_classification_g4_statistical_validation_explainability.ipynb
[PASS] notebooks\bp2_customer_friction_classification\bp2_customer_friction_classification_g5_decision_layer_reporting.ipynb
[PASS] notebooks\bp2_customer_friction_classification\bp2_customer_friction_classification_g6_productization_monitoring_governance.ipynb
[PASS] notebooks\bp2_customer_friction_classification\bp2_customer_friction_classification_model_persistence.ipynb
[PASS] notebooks\bp3_complaint_escalation_prediction\bp3_complaint_escalation_prediction_disparate_impact_investigation.ipynb
[PASS] notebooks\bp3_complaint_escalation_prediction\bp3_complaint_escalation_prediction_disparate_impact_proxy_feature_audit.ipynb
[PASS] notebooks\bp3_complaint_escalation_prediction\bp3_complaint_escalation_prediction_fairness_aware_retraining_candidate.ipynb
[PASS] notebooks\bp3_complaint_escalation_prediction\bp3_complaint_escalation_prediction_fairness_aware_retraining_candidate_v2.ipynb
[PASS] notebooks\bp3_complaint_escalation_prediction\bp3_complaint_escalation_prediction_g1_business_understanding.ipynb
[PASS] notebooks\bp3_complaint_escalation_prediction\bp3_complaint_escalation_prediction_g2_data_verification_taxonomy.ipynb
[PASS] notebooks\bp3_complaint_escalation_prediction\bp3_complaint_escalation_prediction_g3_model_benchmark_champion_selection.ipynb
[PASS] notebooks\bp3_complaint_escalation_prediction\bp3_complaint_escalation_prediction_g4_statistical_validation_explainability.ipynb
[PASS] notebooks\bp3_complaint_escalation_prediction\bp3_complaint_escalation_prediction_g5_decision_layer_reporting.ipynb
[PASS] notebooks\bp3_complaint_escalation_prediction\bp3_complaint_escalation_prediction_g6_productization_monitoring_governance.ipynb
[PASS] notebooks\bp3_complaint_escalation_prediction\bp3_complaint_escalation_prediction_g7_executive_rollup_report.ipynb
[PASS] notebooks\bp3_complaint_escalation_prediction\bp3_complaint_escalation_prediction_model_persistence.ipynb
[PASS] notebooks\bp4_customer_journey_analytics\bp4_customer_journey_analytics_decision_artifact_persistence.ipynb
[PASS] notebooks\bp4_customer_journey_analytics\bp4_customer_journey_analytics_g1_business_understanding.ipynb
[PASS] notebooks\bp4_customer_journey_analytics\bp4_customer_journey_analytics_g2_data_verification_taxonomy.ipynb
[PASS] notebooks\bp4_customer_journey_analytics\bp4_customer_journey_analytics_g3_aggregation_benchmark.ipynb
[PASS] notebooks\bp4_customer_journey_analytics\bp4_customer_journey_analytics_g4_statistical_validation.ipynb
[PASS] notebooks\bp4_customer_journey_analytics\bp4_customer_journey_analytics_g5_decision_layer_reporting.ipynb
[PASS] notebooks\bp4_customer_journey_analytics\bp4_customer_journey_analytics_g6_productization_monitoring_governance.ipynb
[PASS] notebooks\bp4_customer_journey_analytics\bp4_customer_journey_analytics_g7_executive_rollup_report.ipynb
[PASS] notebooks\bp5_root_cause_driver_analytics\bp5_root_cause_driver_analytics_g1_business_understanding.ipynb
[PASS] notebooks\bp5_root_cause_driver_analytics\bp5_root_cause_driver_analytics_g2_data_verification_feature_engineering.ipynb
[PASS] notebooks\bp5_root_cause_driver_analytics\bp5_root_cause_driver_analytics_g3_hypothesis_testing_regression_shap.ipynb
[PASS] notebooks\bp5_root_cause_driver_analytics\bp5_root_cause_driver_analytics_g4_statistical_validation.ipynb
[PASS] notebooks\bp5_root_cause_driver_analytics\bp5_root_cause_driver_analytics_g5_decision_layer_reporting.ipynb
[PASS] notebooks\bp5_root_cause_driver_analytics\bp5_root_cause_driver_analytics_g6_productization_monitoring_governance.ipynb
[PASS] notebooks\bp5_root_cause_driver_analytics\bp5_root_cause_driver_analytics_g7_executive_rollup_report.ipynb
[PASS] notebooks\bp6_genai_resolution_assistant\bp6_genai_resolution_assistant_g1_business_understanding.ipynb
[PASS] notebooks\bp6_genai_resolution_assistant\bp6_genai_resolution_assistant_g2_pii_screening_evidence_registry.ipynb
[PASS] notebooks\bp6_genai_resolution_assistant\bp6_genai_resolution_assistant_g3_retrieval_strategy_benchmark.ipynb
[PASS] notebooks\bp6_genai_resolution_assistant\bp6_genai_resolution_assistant_g4_statistical_validation_explainability.ipynb
[PASS] notebooks\bp6_genai_resolution_assistant\bp6_genai_resolution_assistant_g5_decision_genai_layer_reporting.ipynb
[PASS] notebooks\bp6_genai_resolution_assistant\bp6_genai_resolution_assistant_g6_productization_monitoring_governance.ipynb
[PASS] notebooks\bp6_genai_resolution_assistant\bp6_genai_resolution_assistant_g7_executive_rollup_report.ipynb
[PASS] notebooks\bp7_customer_navigator_decision_engine\bp7_customer_navigator_decision_engine_g1_business_understanding.ipynb
[PASS] notebooks\bp7_customer_navigator_decision_engine\bp7_customer_navigator_decision_engine_g2_data_verification_feature_engineering.ipynb
[PASS] notebooks\bp7_customer_navigator_decision_engine\bp7_customer_navigator_decision_engine_g3_decision_rule_benchmark.ipynb
[PASS] notebooks\bp7_customer_navigator_decision_engine\bp7_customer_navigator_decision_engine_g4_statistical_validation_explainability.ipynb
[PASS] notebooks\bp7_customer_navigator_decision_engine\bp7_customer_navigator_decision_engine_g5_decision_layer_reporting.ipynb
[PASS] notebooks\bp7_customer_navigator_decision_engine\bp7_customer_navigator_decision_engine_g6_productization_monitoring_governance.ipynb
[PASS] notebooks\bp8_executive_product_analytics\bp8_executive_product_analytics_g1_business_understanding.ipynb

[RESULT] All 62 notebook(s) passed nbformat + ast + pyflakes checks.

--- stderr ---
C:\Anaconda3\envs\home_credit_env\Lib\site-packages\nbformat\__init__.py:96: MissingIDFieldWarning: Cell is missing an id field, this will become a hard error in future nbformat versions. You may want to use `normalize()` on your notebooks before validations (available since nbformat 5.1.4). Previous versions of nbformat are fixing this issue transparently, and will stop doing so in the future.
  validate(nb)
